
> react-kavia@0.1.0 start
> react-scripts start

Attempting to bind to HOST environment variable: 0.0.0.0
If this was unintentional, check that you haven't mistakenly set it in your shell.
Learn more here: https://cra.link/advanced-config

(node:17907) [DEP_WEBPACK_DEV_SERVER_ON_AFTER_SETUP_MIDDLEWARE] DeprecationWarning: 'onAfterSetupMiddleware' option is deprecated. Please use the 'setupMiddlewares' option.
(Use `node --trace-deprecation ...` to show where the warning was created)
(node:17907) [DEP_WEBPACK_DEV_SERVER_ON_BEFORE_SETUP_MIDDLEWARE] DeprecationWarning: 'onBeforeSetupMiddleware' option is deprecated. Please use the 'setupMiddlewares' option.
Starting the development server...

Compiled successfully!

You can now view react-kavia in the browser.

  Local:            http://localhost:3000
  On Your Network:  http://172.17.0.2:3000

Note that the development build is not optimized.
To create a production build, use npm run build.

webpack compiled successfully
Compiling...
Compiled successfully!
webpack compiled successfully
Compiling...
Compiled with warnings.

[eslint] 
src/App.js
  Line 1:56:    'useCallback' is defined but never used                                                                                                 no-unused-vars
  Line 29:7:    'LIFT_FACTOR' is assigned a value but never used                                                                                        no-unused-vars
  Line 32:7:    'ROLL_SPD' is assigned a value but never used                                                                                           no-unused-vars
  Line 173:5:   React Hook useMemo has a missing dependency: 'position'. Either include it or remove the dependency array                               react-hooks/exhaustive-deps
  Line 173:6:   React Hook useMemo has a complex expression in the dependency array. Extract it to a separate variable so it can be statically checked  react-hooks/exhaustive-deps
  Line 173:19:  React Hook useMemo has a complex expression in the dependency array. Extract it to a separate variable so it can be statically checked  react-hooks/exhaustive-deps
  Line 211:6:   React Hook useMemo has a missing dependency: 'n'. Either include it or remove the dependency array                                      react-hooks/exhaustive-deps

Search for the keywords to learn more about each warning.
To ignore, add // eslint-disable-next-line to the line before.

WARNING in [eslint] 
src/App.js
  Line 1:56:    'useCallback' is defined but never used                                                                                                 no-unused-vars
  Line 29:7:    'LIFT_FACTOR' is assigned a value but never used                                                                                        no-unused-vars
  Line 32:7:    'ROLL_SPD' is assigned a value but never used                                                                                           no-unused-vars
  Line 173:5:   React Hook useMemo has a missing dependency: 'position'. Either include it or remove the dependency array                               react-hooks/exhaustive-deps
  Line 173:6:   React Hook useMemo has a complex expression in the dependency array. Extract it to a separate variable so it can be statically checked  react-hooks/exhaustive-deps
  Line 173:19:  React Hook useMemo has a complex expression in the dependency array. Extract it to a separate variable so it can be statically checked  react-hooks/exhaustive-deps
  Line 211:6:   React Hook useMemo has a missing dependency: 'n'. Either include it or remove the dependency array                                      react-hooks/exhaustive-deps

webpack compiled with 1 warning
